2025-10-31 19:37:14,038 - mmseg - INFO - Multi-processing start method is `None`
2025-10-31 19:37:14,039 - mmseg - INFO - OpenCV num_threads is `16
2025-10-31 19:37:14,039 - mmseg - INFO - OMP num threads is 16
2025-10-31 19:37:14,039 - mmseg - INFO - MKL num threads is 16
2025-10-31 19:37:14,083 - mmseg - INFO - Environment info:
------------------------------------------------------------
sys.platform: linux
Python: 3.12.3 | packaged by Anaconda, Inc. | (main, May  6 2024, 19:46:43) [GCC 11.2.0]
CUDA available: True
GPU 0: NVIDIA GeForce RTX 4090
CUDA_HOME: /usr/local/cuda
NVCC: Cuda compilation tools, release 12.4, V12.4.131
GCC: gcc (Ubuntu 11.4.0-1ubuntu1~22.04) 11.4.0
PyTorch: 2.5.1+cu124
PyTorch compiling details: PyTorch built with:
  - GCC 9.3
  - C++ Version: 201703
  - Intel(R) oneAPI Math Kernel Library Version 2024.2-Product Build 20240605 for Intel(R) 64 architecture applications
  - Intel(R) MKL-DNN v3.5.3 (Git Hash 66f0cb9eb66affd2da3bf5f8d897376f04aae6af)
  - OpenMP 201511 (a.k.a. OpenMP 4.5)
  - LAPACK is enabled (usually provided by MKL)
  - NNPACK is enabled
  - CPU capability usage: AVX512
  - CUDA Runtime 12.4
  - NVCC architecture flags: -gencode;arch=compute_50,code=sm_50;-gencode;arch=compute_60,code=sm_60;-gencode;arch=compute_70,code=sm_70;-gencode;arch=compute_75,code=sm_75;-gencode;arch=compute_80,code=sm_80;-gencode;arch=compute_86,code=sm_86;-gencode;arch=compute_90,code=sm_90
  - CuDNN 90.1
  - Magma 2.6.1
  - Build settings: BLAS_INFO=mkl, BUILD_TYPE=Release, CUDA_VERSION=12.4, CUDNN_VERSION=9.1.0, CXX_COMPILER=/opt/rh/devtoolset-9/root/usr/bin/c++, CXX_FLAGS= -D_GLIBCXX_USE_CXX11_ABI=0 -fabi-version=11 -fvisibility-inlines-hidden -DUSE_PTHREADPOOL -DNDEBUG -DUSE_KINETO -DLIBKINETO_NOROCTRACER -DLIBKINETO_NOXPUPTI=ON -DUSE_FBGEMM -DUSE_PYTORCH_QNNPACK -DUSE_XNNPACK -DSYMBOLICATE_MOBILE_DEBUG_HANDLE -O2 -fPIC -Wall -Wextra -Werror=return-type -Werror=non-virtual-dtor -Werror=bool-operation -Wnarrowing -Wno-missing-field-initializers -Wno-type-limits -Wno-array-bounds -Wno-unknown-pragmas -Wno-unused-parameter -Wno-strict-overflow -Wno-strict-aliasing -Wno-stringop-overflow -Wsuggest-override -Wno-psabi -Wno-error=old-style-cast -Wno-missing-braces -fdiagnostics-color=always -faligned-new -Wno-unused-but-set-variable -Wno-maybe-uninitialized -fno-math-errno -fno-trapping-math -Werror=format -Wno-stringop-overflow, LAPACK_INFO=mkl, PERF_WITH_AVX=1, PERF_WITH_AVX2=1, TORCH_VERSION=2.5.1, USE_CUDA=ON, USE_CUDNN=ON, USE_CUSPARSELT=1, USE_EXCEPTION_PTR=1, USE_GFLAGS=OFF, USE_GLOG=OFF, USE_GLOO=ON, USE_MKL=ON, USE_MKLDNN=ON, USE_MPI=OFF, USE_NCCL=1, USE_NNPACK=ON, USE_OPENMP=ON, USE_ROCM=OFF, USE_ROCM_KERNEL_ASSERT=OFF, 

TorchVision: 0.20.1+cu124
OpenCV: 4.12.0
MMCV: 1.7.2
MMCV Compiler: GCC 11.4
MMCV CUDA Compiler: 12.4
MMSegmentation: 0.29.0+
------------------------------------------------------------

2025-10-31 19:37:14,083 - mmseg - INFO - Distributed training: True
2025-10-31 19:37:14,736 - mmseg - INFO - Config:
dataset_type = 'IMLDataset'
data_root = ''
img_norm_cfg = dict(
    mean=[123.675, 116.28, 103.53], std=[58.395, 57.12, 57.375], to_rgb=True)
crop_size = (512, 512)
train_pipeline = [
    dict(type='LoadImageFromFile'),
    dict(type='LoadAnnotations', reduce_zero_label=False),
    dict(type='Resize', ratio_range=(0.5, 1.5), p=0.5),
    dict(type='Pad', size=(512, 512), pad_val=0, seg_pad_val=0),
    dict(type='RandomCrop', crop_size=(512, 512)),
    dict(type='JPEGCompression', quality_lower=30, quality_upper=100, p=0.5),
    dict(type='RandomFlip', prob=0.5),
    dict(
        type='Normalize',
        mean=[123.675, 116.28, 103.53],
        std=[58.395, 57.12, 57.375],
        to_rgb=True),
    dict(type='DefaultFormatBundle'),
    dict(type='Collect', keys=['img', 'gt_semantic_seg'])
]
test_pipeline = [
    dict(type='LoadImageFromFile'),
    dict(
        type='MultiScaleFlipAug',
        img_scale=(2048, 512),
        flip=False,
        transforms=[
            dict(
                type='Normalize',
                mean=[123.675, 116.28, 103.53],
                std=[58.395, 57.12, 57.375],
                to_rgb=True),
            dict(type='ImageToTensor', keys=['img']),
            dict(type='Collect', keys=['img'])
        ])
]
val_dataroot = '/home/hexingyang/DDP/segmentation/data/IML'
test_dataroot = ''
data = dict(
    samples_per_gpu=4,
    workers_per_gpu=4,
    train=dict(
        type='IMLDataset',
        data_root='',
        img_dir='data',
        ann_dir='data',
        pipeline=[
            dict(type='LoadImageFromFile'),
            dict(type='LoadAnnotations', reduce_zero_label=False),
            dict(type='Resize', ratio_range=(0.5, 1.5), p=0.5),
            dict(type='Pad', size=(512, 512), pad_val=0, seg_pad_val=0),
            dict(type='RandomCrop', crop_size=(512, 512)),
            dict(
                type='JPEGCompression',
                quality_lower=30,
                quality_upper=100,
                p=0.5),
            dict(type='RandomFlip', prob=0.5),
            dict(
                type='Normalize',
                mean=[123.675, 116.28, 103.53],
                std=[58.395, 57.12, 57.375],
                to_rgb=True),
            dict(type='DefaultFormatBundle'),
            dict(type='Collect', keys=['img', 'gt_semantic_seg'])
        ]),
    val=dict(
        type='IMLDataset',
        data_root='/home/hexingyang/DDP/segmentation/data/IML',
        img_dir='images',
        ann_dir='annotations',
        pipeline=[
            dict(type='LoadImageFromFile'),
            dict(
                type='MultiScaleFlipAug',
                img_scale=(2048, 512),
                flip=False,
                transforms=[
                    dict(
                        type='Normalize',
                        mean=[123.675, 116.28, 103.53],
                        std=[58.395, 57.12, 57.375],
                        to_rgb=True),
                    dict(type='ImageToTensor', keys=['img']),
                    dict(type='Collect', keys=['img'])
                ])
        ]),
    test=dict(
        type='IMLDataset',
        data_root='',
        img_dir='img',
        img_suffix='png',
        ann_dir='gt',
        seg_map_suffix='png',
        pipeline=[
            dict(type='LoadImageFromFile'),
            dict(
                type='MultiScaleFlipAug',
                img_scale=(2048, 512),
                flip=False,
                transforms=[
                    dict(
                        type='Normalize',
                        mean=[123.675, 116.28, 103.53],
                        std=[58.395, 57.12, 57.375],
                        to_rgb=True),
                    dict(type='ImageToTensor', keys=['img']),
                    dict(type='Collect', keys=['img'])
                ])
        ]))
log_config = dict(
    interval=50, hooks=[dict(type='TextLoggerHook', by_epoch=False)])
dist_params = dict(backend='nccl')
log_level = 'INFO'
load_from = None
resume_from = None
workflow = [('train', 1)]
cudnn_benchmark = True
optimizer = dict(
    type='AdamW',
    lr=6e-05,
    betas=(0.9, 0.999),
    weight_decay=0.01,
    paramwise_cfg=dict(
        custom_keys=dict(
            pos_block=dict(decay_mult=0.0),
            norm=dict(decay_mult=0.0),
            head=dict(lr_mult=1.0))))
optimizer_config = dict(grad_clip=dict(max_norm=0.1, norm_type=2))
lr_config = dict(
    policy='poly',
    warmup='linear',
    warmup_iters=1500,
    warmup_ratio=1e-06,
    power=1.0,
    min_lr=0.0,
    by_epoch=True)
runner = dict(type='IterBasedRunner', max_iters=160000)
checkpoint_config = dict(by_epoch=False, interval=16000)
evaluation = dict(interval=1, metric='mIoU', pre_eval=True, save_best='mIoU')
checkpoint_file = 'https://download.openmmlab.com/mmsegmentation/v0.5/pretrain/swin/swin_large_patch4_window12_384_22k_20220412-6580f57d.pth'
norm_cfg = dict(type='SyncBN', requires_grad=True)
backbone_norm_cfg = dict(type='LN', requires_grad=True)
model = dict(
    type='DDP',
    timesteps=3,
    bit_scale=0.01,
    accumulation=True,
    pretrained=None,
    backbone=dict(
        type='SwinTransformer',
        init_cfg=dict(
            type='Pretrained',
            checkpoint=
            'https://download.openmmlab.com/mmsegmentation/v0.5/pretrain/swin/swin_large_patch4_window12_384_22k_20220412-6580f57d.pth'
        ),
        pretrain_img_size=384,
        in_channels=3,
        embed_dims=192,
        patch_size=4,
        window_size=12,
        mlp_ratio=4,
        depths=[2, 2, 18, 2],
        num_heads=[6, 12, 24, 48],
        strides=(4, 2, 2, 2),
        out_indices=(0, 1, 2, 3),
        qkv_bias=True,
        qk_scale=None,
        patch_norm=True,
        drop_rate=0.0,
        attn_drop_rate=0.0,
        drop_path_rate=0.3,
        use_abs_pos_embed=False,
        act_cfg=dict(type='GELU'),
        norm_cfg=dict(type='LN', requires_grad=True)),
    neck=[
        dict(
            type='FPN',
            in_channels=[192, 384, 768, 1536],
            out_channels=256,
            act_cfg=None,
            norm_cfg=dict(type='GN', num_groups=32),
            num_outs=4),
        dict(
            type='MultiStageMerging',
            in_channels=[256, 256, 256, 256],
            out_channels=256,
            kernel_size=1,
            norm_cfg=dict(type='GN', num_groups=32),
            act_cfg=None)
    ],
    auxiliary_head=dict(
        type='FCNHead',
        in_channels=256,
        in_index=0,
        channels=256,
        num_convs=1,
        concat_input=False,
        dropout_ratio=0.1,
        num_classes=2,
        out_channels=2,
        norm_cfg=dict(type='SyncBN', requires_grad=True),
        align_corners=False,
        loss_decode=dict(
            type='CrossEntropyLoss', use_sigmoid=False, loss_weight=0.4)),
    decode_head=dict(
        type='DeformableHeadWithTime',
        in_channels=[256],
        channels=256,
        in_index=[0],
        dropout_ratio=0.0,
        num_classes=2,
        out_channels=2,
        norm_cfg=dict(type='SyncBN', requires_grad=True),
        align_corners=False,
        num_feature_levels=1,
        encoder=dict(
            type='DetrTransformerEncoder',
            num_layers=6,
            transformerlayers=dict(
                type='BaseTransformerLayer',
                use_time_mlp=True,
                attn_cfgs=dict(
                    type='MultiScaleDeformableAttention',
                    embed_dims=256,
                    num_levels=1,
                    num_heads=8,
                    dropout=0.0),
                ffn_cfgs=dict(
                    type='FFN',
                    embed_dims=256,
                    feedforward_channels=1024,
                    ffn_drop=0.0,
                    act_cfg=dict(type='GELU')),
                operation_order=('self_attn', 'norm', 'ffn', 'norm'))),
        positional_encoding=dict(
            type='SinePositionalEncoding',
            num_feats=128,
            normalize=True,
            offset=-0.5),
        loss_decode=[
            dict(
                type='CrossEntropyLoss',
                class_weight=[0.5, 2.5],
                loss_weight=0.3,
                ignore_index=-1),
            dict(
                type='DiceLoss',
                class_weight=[0.5, 2.5],
                loss_weight=0.7,
                ignore_index=-1)
        ]),
    train_cfg=dict(),
    test_cfg=dict(mode='whole'))
work_dir = './work_dirs/ddp_swin_l_2x8_512x512_160k_iml'
gpu_ids = range(0, 1)
auto_resume = False

2025-10-31 19:37:14,736 - mmseg - INFO - Set random seed to 1750946840, deterministic: True
2025-10-31 19:37:17,220 - mmseg - INFO - load checkpoint from http path: https://download.openmmlab.com/mmsegmentation/v0.5/pretrain/swin/swin_large_patch4_window12_384_22k_20220412-6580f57d.pth
2025-10-31 19:37:17,827 - mmseg - WARNING - The model and loaded state dict do not match exactly

unexpected key in source state_dict: norm.weight, norm.bias, stages.0.blocks.1.attn_mask, stages.1.blocks.1.attn_mask, stages.2.blocks.1.attn_mask, stages.2.blocks.3.attn_mask, stages.2.blocks.5.attn_mask, stages.2.blocks.7.attn_mask, stages.2.blocks.9.attn_mask, stages.2.blocks.11.attn_mask, stages.2.blocks.13.attn_mask, stages.2.blocks.15.attn_mask, stages.2.blocks.17.attn_mask

missing keys in source state_dict: norm0.weight, norm0.bias, norm1.weight, norm1.bias, norm2.weight, norm2.bias, norm3.weight, norm3.bias

2025-10-31 19:37:18,039 - mmseg - INFO - DDP(
  (backbone): SwinTransformer(
    (patch_embed): PatchEmbed(
      (adap_padding): AdaptivePadding()
      (projection): Conv2d(3, 192, kernel_size=(4, 4), stride=(4, 4))
      (norm): LayerNorm((192,), eps=1e-05, elementwise_affine=True)
    )
    (drop_after_pos): Dropout(p=0.0, inplace=False)
    (stages): ModuleList(
      (0): SwinBlockSequence(
        (blocks): ModuleList(
          (0-1): 2 x SwinBlock(
            (norm1): LayerNorm((192,), eps=1e-05, elementwise_affine=True)
            (attn): ShiftWindowMSA(
              (w_msa): WindowMSA(
                (qkv): Linear(in_features=192, out_features=576, bias=True)
                (attn_drop): Dropout(p=0.0, inplace=False)
                (proj): Linear(in_features=192, out_features=192, bias=True)
                (proj_drop): Dropout(p=0.0, inplace=False)
                (softmax): Softmax(dim=-1)
              )
              (drop): DropPath()
            )
            (norm2): LayerNorm((192,), eps=1e-05, elementwise_affine=True)
            (ffn): FFN(
              (activate): GELU(approximate='none')
              (layers): Sequential(
                (0): Sequential(
                  (0): Linear(in_features=192, out_features=768, bias=True)
                  (1): GELU(approximate='none')
                  (2): Dropout(p=0.0, inplace=False)
                )
                (1): Linear(in_features=768, out_features=192, bias=True)
                (2): Dropout(p=0.0, inplace=False)
              )
              (dropout_layer): DropPath()
            )
          )
        )
        (downsample): PatchMerging(
          (adap_padding): AdaptivePadding()
          (sampler): Unfold(kernel_size=(2, 2), dilation=(1, 1), padding=(0, 0), stride=(2, 2))
          (norm): LayerNorm((768,), eps=1e-05, elementwise_affine=True)
          (reduction): Linear(in_features=768, out_features=384, bias=False)
        )
      )
      (1): SwinBlockSequence(
        (blocks): ModuleList(
          (0-1): 2 x SwinBlock(
            (norm1): LayerNorm((384,), eps=1e-05, elementwise_affine=True)
            (attn): ShiftWindowMSA(
              (w_msa): WindowMSA(
                (qkv): Linear(in_features=384, out_features=1152, bias=True)
                (attn_drop): Dropout(p=0.0, inplace=False)
                (proj): Linear(in_features=384, out_features=384, bias=True)
                (proj_drop): Dropout(p=0.0, inplace=False)
                (softmax): Softmax(dim=-1)
              )
              (drop): DropPath()
            )
            (norm2): LayerNorm((384,), eps=1e-05, elementwise_affine=True)
            (ffn): FFN(
              (activate): GELU(approximate='none')
              (layers): Sequential(
                (0): Sequential(
                  (0): Linear(in_features=384, out_features=1536, bias=True)
                  (1): GELU(approximate='none')
                  (2): Dropout(p=0.0, inplace=False)
                )
                (1): Linear(in_features=1536, out_features=384, bias=True)
                (2): Dropout(p=0.0, inplace=False)
              )
              (dropout_layer): DropPath()
            )
          )
        )
        (downsample): PatchMerging(
          (adap_padding): AdaptivePadding()
          (sampler): Unfold(kernel_size=(2, 2), dilation=(1, 1), padding=(0, 0), stride=(2, 2))
          (norm): LayerNorm((1536,), eps=1e-05, elementwise_affine=True)
          (reduction): Linear(in_features=1536, out_features=768, bias=False)
        )
      )
      (2): SwinBlockSequence(
        (blocks): ModuleList(
          (0-17): 18 x SwinBlock(
            (norm1): LayerNorm((768,), eps=1e-05, elementwise_affine=True)
            (attn): ShiftWindowMSA(
              (w_msa): WindowMSA(
                (qkv): Linear(in_features=768, out_features=2304, bias=True)
                (attn_drop): Dropout(p=0.0, inplace=False)
                (proj): Linear(in_features=768, out_features=768, bias=True)
                (proj_drop): Dropout(p=0.0, inplace=False)
                (softmax): Softmax(dim=-1)
              )
              (drop): DropPath()
            )
            (norm2): LayerNorm((768,), eps=1e-05, elementwise_affine=True)
            (ffn): FFN(
              (activate): GELU(approximate='none')
              (layers): Sequential(
                (0): Sequential(
                  (0): Linear(in_features=768, out_features=3072, bias=True)
                  (1): GELU(approximate='none')
                  (2): Dropout(p=0.0, inplace=False)
                )
                (1): Linear(in_features=3072, out_features=768, bias=True)
                (2): Dropout(p=0.0, inplace=False)
              )
              (dropout_layer): DropPath()
            )
          )
        )
        (downsample): PatchMerging(
          (adap_padding): AdaptivePadding()
          (sampler): Unfold(kernel_size=(2, 2), dilation=(1, 1), padding=(0, 0), stride=(2, 2))
          (norm): LayerNorm((3072,), eps=1e-05, elementwise_affine=True)
          (reduction): Linear(in_features=3072, out_features=1536, bias=False)
        )
      )
      (3): SwinBlockSequence(
        (blocks): ModuleList(
          (0-1): 2 x SwinBlock(
            (norm1): LayerNorm((1536,), eps=1e-05, elementwise_affine=True)
            (attn): ShiftWindowMSA(
              (w_msa): WindowMSA(
                (qkv): Linear(in_features=1536, out_features=4608, bias=True)
                (attn_drop): Dropout(p=0.0, inplace=False)
                (proj): Linear(in_features=1536, out_features=1536, bias=True)
                (proj_drop): Dropout(p=0.0, inplace=False)
                (softmax): Softmax(dim=-1)
              )
              (drop): DropPath()
            )
            (norm2): LayerNorm((1536,), eps=1e-05, elementwise_affine=True)
            (ffn): FFN(
              (activate): GELU(approximate='none')
              (layers): Sequential(
                (0): Sequential(
                  (0): Linear(in_features=1536, out_features=6144, bias=True)
                  (1): GELU(approximate='none')
                  (2): Dropout(p=0.0, inplace=False)
                )
                (1): Linear(in_features=6144, out_features=1536, bias=True)
                (2): Dropout(p=0.0, inplace=False)
              )
              (dropout_layer): DropPath()
            )
          )
        )
      )
    )
    (norm0): LayerNorm((192,), eps=1e-05, elementwise_affine=True)
    (norm1): LayerNorm((384,), eps=1e-05, elementwise_affine=True)
    (norm2): LayerNorm((768,), eps=1e-05, elementwise_affine=True)
    (norm3): LayerNorm((1536,), eps=1e-05, elementwise_affine=True)
  )
  init_cfg={'type': 'Pretrained', 'checkpoint': 'https://download.openmmlab.com/mmsegmentation/v0.5/pretrain/swin/swin_large_patch4_window12_384_22k_20220412-6580f57d.pth'}
  (neck): Sequential(
    (0): FPN(
      (lateral_convs): ModuleList(
        (0): ConvModule(
          (conv): Conv2d(192, 256, kernel_size=(1, 1), stride=(1, 1), bias=False)
          (gn): GroupNorm(32, 256, eps=1e-05, affine=True)
        )
        (1): ConvModule(
          (conv): Conv2d(384, 256, kernel_size=(1, 1), stride=(1, 1), bias=False)
          (gn): GroupNorm(32, 256, eps=1e-05, affine=True)
        )
        (2): ConvModule(
          (conv): Conv2d(768, 256, kernel_size=(1, 1), stride=(1, 1), bias=False)
          (gn): GroupNorm(32, 256, eps=1e-05, affine=True)
        )
        (3): ConvModule(
          (conv): Conv2d(1536, 256, kernel_size=(1, 1), stride=(1, 1), bias=False)
          (gn): GroupNorm(32, 256, eps=1e-05, affine=True)
        )
      )
      (fpn_convs): ModuleList(
        (0-3): 4 x ConvModule(
          (conv): Conv2d(256, 256, kernel_size=(3, 3), stride=(1, 1), padding=(1, 1), bias=False)
          (gn): GroupNorm(32, 256, eps=1e-05, affine=True)
        )
      )
    )
    init_cfg={'type': 'Xavier', 'layer': 'Conv2d', 'distribution': 'uniform'}
    (1): MultiStageMerging(
      (down): ConvModule(
        (conv): Conv2d(1024, 256, kernel_size=(1, 1), stride=(1, 1), bias=False)
        (gn): GroupNorm(32, 256, eps=1e-05, affine=True)
      )
    )
    init_cfg={'type': 'Xavier', 'layer': 'Conv2d', 'distribution': 'uniform'}
  )
  (decode_head): DeformableHeadWithTime(
    input_transform=multiple_select, ignore_index=255, align_corners=False
    (loss_decode): ModuleList(
      (0): CrossEntropyLoss(avg_non_ignore=False)
      (1): DiceLoss()
    )
    (conv_seg): Conv2d(256, 2, kernel_size=(1, 1), stride=(1, 1))
    (encoder): DetrTransformerEncoder(
      (layers): ModuleList(
        (0-5): 6 x BaseTransformerLayer(
          (attentions): ModuleList(
            (0): MultiScaleDeformableAttention(
              (dropout): Dropout(p=0.0, inplace=False)
              (sampling_offsets): Linear(in_features=256, out_features=64, bias=True)
              (attention_weights): Linear(in_features=256, out_features=32, bias=True)
              (value_proj): Linear(in_features=256, out_features=256, bias=True)
              (output_proj): Linear(in_features=256, out_features=256, bias=True)
            )
          )
          (time_mlp): Sequential(
            (0): SiLU()
            (1): Linear(in_features=1024, out_features=512, bias=True)
          )
          (ffns): ModuleList(
            (0): FFN(
              (activate): GELU(approximate='none')
              (layers): Sequential(
                (0): Sequential(
                  (0): Linear(in_features=256, out_features=1024, bias=True)
                  (1): GELU(approximate='none')
                  (2): Dropout(p=0.0, inplace=False)
                )
                (1): Linear(in_features=1024, out_features=256, bias=True)
                (2): Dropout(p=0.0, inplace=False)
              )
              (dropout_layer): Identity()
            )
          )
          (norms): ModuleList(
            (0-1): 2 x LayerNorm((256,), eps=1e-05, elementwise_affine=True)
          )
        )
      )
    )
    (positional_encoding): SinePositionalEncoding(num_feats=128, temperature=10000, normalize=True, scale=6.283185307179586, eps=1e-06)
  )
  init_cfg={'type': 'Normal', 'std': 0.01, 'override': {'name': 'conv_seg'}}
  (auxiliary_head): FCNHead(
    input_transform=None, ignore_index=255, align_corners=False
    (loss_decode): CrossEntropyLoss(avg_non_ignore=False)
    (conv_seg): Conv2d(256, 2, kernel_size=(1, 1), stride=(1, 1))
    (dropout): Dropout2d(p=0.1, inplace=False)
    (convs): Sequential(
      (0): ConvModule(
        (conv): Conv2d(256, 256, kernel_size=(3, 3), stride=(1, 1), padding=(1, 1), bias=False)
        (bn): SyncBatchNorm(256, eps=1e-05, momentum=0.1, affine=True, track_running_stats=True)
        (activate): ReLU(inplace=True)
      )
    )
  )
  init_cfg={'type': 'Normal', 'std': 0.01, 'override': {'name': 'conv_seg'}}
  (embedding_table): Embedding(3, 256)
  (transform): ConvModule(
    (conv): Conv2d(512, 256, kernel_size=(1, 1), stride=(1, 1))
  )
  (time_mlp): Sequential(
    (0): LearnedSinusoidalPosEmb()
    (1): Linear(in_features=17, out_features=1024, bias=True)
    (2): GELU(approximate='none')
    (3): Linear(in_features=1024, out_features=1024, bias=True)
  )
)
2025-10-31 19:37:18,046 - mmseg - INFO - Model size:778.33
2025-10-31 19:37:20,800 - mmseg - INFO - Start running, host: root@autodl-container-b0554fa984-c3d4b89d, work_dir: /autodl-fs/data/DDP/work_dirs/ddp_swin_l_2x8_512x512_160k_iml
2025-10-31 19:37:20,800 - mmseg - INFO - Hooks will be executed in the following order:
before_run:
(VERY_HIGH   ) PolyLrUpdaterHook                  
(NORMAL      ) CheckpointHook                     
(VERY_LOW    ) TextLoggerHook                     
 -------------------- 
before_train_epoch:
(VERY_HIGH   ) PolyLrUpdaterHook                  
(LOW         ) IterTimerHook                      
(VERY_LOW    ) TextLoggerHook                     
 -------------------- 
before_train_iter:
(VERY_HIGH   ) PolyLrUpdaterHook                  
(LOW         ) IterTimerHook                      
 -------------------- 
after_train_iter:
(ABOVE_NORMAL) OptimizerHook                      
(NORMAL      ) CheckpointHook                     
(LOW         ) IterTimerHook                      
(VERY_LOW    ) TextLoggerHook                     
 -------------------- 
after_train_epoch:
(NORMAL      ) CheckpointHook                     
(VERY_LOW    ) TextLoggerHook                     
 -------------------- 
before_val_epoch:
(LOW         ) IterTimerHook                      
(VERY_LOW    ) TextLoggerHook                     
 -------------------- 
before_val_iter:
(LOW         ) IterTimerHook                      
 -------------------- 
after_val_iter:
(LOW         ) IterTimerHook                      
 -------------------- 
after_val_epoch:
(VERY_LOW    ) TextLoggerHook                     
 -------------------- 
after_run:
(VERY_LOW    ) TextLoggerHook                     
 -------------------- 
2025-10-31 19:37:20,800 - mmseg - INFO - workflow: [('train', 1)], max: 160000 iters
2025-10-31 19:37:20,801 - mmseg - INFO - Checkpoints will be saved to /autodl-fs/data/DDP/work_dirs/ddp_swin_l_2x8_512x512_160k_iml by HardDiskBackend.
